// Vitest Snapshot v1, https://vitest.dev/guide/snapshot.html

exports[`createProject / createTicket > default role prompts > the Abnahme role says what to do, what to deliver and when to stop, in that order 1`] = `"Do: nothing; finished work waits here for a human to accept it in a batch. Deliver: nothing, neither a comment nor a change. Stop: right away, without moving the ticket."`;

exports[`createProject / createTicket > default role prompts > the Backlog role says what to do, what to deliver and when to stop, in that order 1`] = `"Do: sort new work in. Give the ticket a clear title and a short description of the need, and add only what is obviously missing. Do not refine it: scope and acceptance criteria come in Refine. Deliver: a ticket someone else can understand, and a short comment on what you added. Stop: move it on to Refine, or leave it here when it should wait."`;

exports[`createProject / createTicket > default role prompts > the Human Answered role says what to do, what to deliver and when to stop, in that order 1`] = `"Do: read the answer to the open question in the comments and act on it. Deliver: a short comment on how the answer changes the work. Stop: move the ticket back to the column where the work continues."`;

exports[`createProject / createTicket > default role prompts > the Human Intervention role says what to do, what to deliver and when to stop, in that order 1`] = `"Do: wait; a question to the human is open and blocks this ticket. Deliver: nothing; do not resume the work or ask again. Stop: right away, without moving the ticket; the answer brings it back into work."`;

exports[`createProject / createTicket > default role prompts > the In Arbeit role says what to do, what to deliver and when to stop, in that order 1`] = `"Do: carry out the task the ticket describes and write what it asks for as text: an answer, an analysis or code. Do not refine: leave the description and the tasks as they are. Deliver: the result itself in a comment, code in a fenced block, marked "Unverified: not compiled, run or tested."; then tick each task the result fulfils. Ask the human only if the task needs more than text, such as changing files in a repository. Stop: move the ticket to Review once the result is delivered."`;

exports[`createProject / createTicket > default role prompts > the Ready role says what to do, what to deliver and when to stop, in that order 1`] = `"Do: pick the ticket up; do not refine it. Check that no blocker is still open. Deliver: a pickup comment with your plan in one or two sentences. Stop: move the ticket to In Arbeit right away. Only if the description no longer matches reality, send it back to Refine with a comment saying why."`;

exports[`createProject / createTicket > default role prompts > the Refine role says what to do, what to deliver and when to stop, in that order 1`] = `"Do: propose the scope yourself from what the ticket says: what is in and out, a rough effort and observable acceptance criteria. Fill gaps with sensible defaults and name them as assumptions. Ask the human only for a genuine product decision you cannot default, never as your first step. Deliver: an updated description and one task per acceptance criterion. Stop: move the ticket on to Ready."`;

exports[`createProject / createTicket > default role prompts > the Review role says what to do, what to deliver and when to stop, in that order 1`] = `"Do: check the delivered result against the acceptance criteria, not against your own taste. Deliver: a comment with one finding per unmet criterion, or a short "Review ok". Stop: with findings, send the ticket back to In Arbeit; without, approve it and move it on to Abnahme."`;
